#-----------------------------------------------------------
# Vivado v2023.2 (64-bit)
# SW Build 4029153 on Fri Oct 13 20:14:34 MDT 2023
# IP Build 4028589 on Sat Oct 14 00:45:43 MDT 2023
# SharedData Build 4025554 on Tue Oct 10 17:18:54 MDT 2023
# Start of session at: Fri Mar 20 14:09:11 2026
# Process ID: 8068
# Current directory: C:/Users/ASUS/Desktop/Vivado_tasks/Lab2/Task4/module
# Command line: vivado.exe -gui_launcher_event rodinguilauncherevent21460 C:\Users\ASUS\Desktop\Vivado_tasks\Lab2\Task4\module\Comparator.xpr
# Log file: C:/Users/ASUS/Desktop/Vivado_tasks/Lab2/Task4/module/vivado.log
# Journal file: C:/Users/ASUS/Desktop/Vivado_tasks/Lab2/Task4/module\vivado.jou
# Running On: DESKTOP-66O4QSA, OS: Windows, CPU Frequency: 3110 MHz, CPU Physical cores: 12, Host memory: 16858 MB
#-----------------------------------------------------------
start_gui
open_project C:/Users/ASUS/Desktop/Vivado_tasks/Lab2/Task4/module/Comparator.xpr
update_compile_order -fileset sources_1
open_hw_manager
connect_hw_server -allow_non_jtag
disconnect_hw_server localhost:3121
connect_hw_server -allow_non_jtag
