#-----------------------------------------------------------
# Vivado v2023.2 (64-bit)
# SW Build 4029153 on Fri Oct 13 20:14:34 MDT 2023
# IP Build 4028589 on Sat Oct 14 00:45:43 MDT 2023
# SharedData Build 4025554 on Tue Oct 10 17:18:54 MDT 2023
# Start of session at: Sun May 17 11:23:05 2026
# Process ID: 17788
# Current directory: C:/Users/ASUS/Desktop/Vivado_tasks/Lab3/Task7/testbench
# Command line: vivado.exe -gui_launcher_event rodinguilauncherevent23708 C:\Users\ASUS\Desktop\Vivado_tasks\Lab3\Task7\testbench\Reg_file2R1W_FDCE_reg_unit_TESTBENCH.xpr
# Log file: C:/Users/ASUS/Desktop/Vivado_tasks/Lab3/Task7/testbench/vivado.log
# Journal file: C:/Users/ASUS/Desktop/Vivado_tasks/Lab3/Task7/testbench\vivado.jou
# Running On: DESKTOP-66O4QSA, OS: Windows, CPU Frequency: 3110 MHz, CPU Physical cores: 12, Host memory: 16858 MB
#-----------------------------------------------------------
start_gui
open_project C:/Users/ASUS/Desktop/Vivado_tasks/Lab3/Task7/testbench/Reg_file2R1W_FDCE_reg_unit_TESTBENCH.xpr
update_compile_order -fileset sources_1
launch_simulation
source testbench.tcl
create_wave_config; add_wave /; set_property needs_save false [current_wave_config]
close_sim
launch_simulation
source testbench.tcl
create_wave_config; add_wave /; set_property needs_save false [current_wave_config]
close_sim
launch_simulation
source testbench.tcl
create_wave_config; add_wave /; set_property needs_save false [current_wave_config]
close_sim
launch_simulation
source testbench.tcl
create_wave_config; add_wave /; set_property needs_save false [current_wave_config]
close_sim
launch_simulation
source testbench.tcl
create_wave_config; add_wave /; set_property needs_save false [current_wave_config]
close_sim
launch_simulation
source testbench.tcl
create_wave_config; add_wave /; set_property needs_save false [current_wave_config]
close_sim
launch_simulation
source testbench.tcl
create_wave_config; add_wave /; set_property needs_save false [current_wave_config]
close_sim
launch_simulation
source testbench.tcl
create_wave_config; add_wave /; set_property needs_save false [current_wave_config]
close_sim
