#-----------------------------------------------------------
# Vivado v2023.2 (64-bit)
# SW Build 4029153 on Fri Oct 13 20:14:34 MDT 2023
# IP Build 4028589 on Sat Oct 14 00:45:43 MDT 2023
# SharedData Build 4025554 on Tue Oct 10 17:18:54 MDT 2023
# Start of session at: Fri Apr 17 13:04:36 2026
# Process ID: 4624
# Current directory: C:/Users/ASUS/Desktop/Vivado_tasks/Lab3/Task3/reg_unit/module
# Command line: vivado.exe -gui_launcher_event rodinguilauncherevent14256 C:\Users\ASUS\Desktop\Vivado_tasks\Lab3\Task3\reg_unit\module\FDRE_reg_unit_module.xpr
# Log file: C:/Users/ASUS/Desktop/Vivado_tasks/Lab3/Task3/reg_unit/module/vivado.log
# Journal file: C:/Users/ASUS/Desktop/Vivado_tasks/Lab3/Task3/reg_unit/module\vivado.jou
# Running On: DESKTOP-66O4QSA, OS: Windows, CPU Frequency: 3110 MHz, CPU Physical cores: 12, Host memory: 16858 MB
#-----------------------------------------------------------
start_gui
open_project C:/Users/ASUS/Desktop/Vivado_tasks/Lab3/Task3/reg_unit/module/FDRE_reg_unit_module.xpr
update_compile_order -fileset sources_1
reset_run synth_1
launch_runs impl_1 -to_step write_bitstream -jobs 14
wait_on_run impl_1
reset_run synth_1
launch_runs impl_1 -to_step write_bitstream -jobs 14
wait_on_run impl_1
open_run impl_1
open_run synth_1 -name synth_1
